../Core/Src/main.c:85:5:main	8	static
../Core/Src/main.c:137:6:SystemClock_Config	88	static
../Core/Src/main.c:184:13:MX_ADC1_Init	24	static
../Core/Src/main.c:236:13:MX_I2C1_Init	8	static
../Core/Src/main.c:270:13:MX_RTC_Init	32	static
../Core/Src/main.c:333:13:MX_TIM3_Init	32	static
../Core/Src/main.c:378:13:MX_USART1_UART_Init	8	static
../Core/Src/main.c:411:13:MX_USART2_UART_Init	8	static
../Core/Src/main.c:442:13:MX_DMA_Init	16	static
../Core/Src/main.c:467:13:MX_GPIO_Init	24	static
../Core/Src/main.c:489:6:Error_Handler	4	static,ignoring_inline_asm
