../Core/Src/main.c:81:5:main	8	static
../Core/Src/main.c:132:6:SystemClock_Config	88	static
../Core/Src/main.c:179:13:MX_ADC1_Init	24	static
../Core/Src/main.c:231:13:MX_I2C1_Init	8	static
../Core/Src/main.c:265:13:MX_RTC_Init	32	static
../Core/Src/main.c:328:13:MX_TIM3_Init	32	static
../Core/Src/main.c:373:13:MX_USART2_UART_Init	8	static
../Core/Src/main.c:404:13:MX_DMA_Init	16	static
../Core/Src/main.c:425:13:MX_GPIO_Init	24	static
../Core/Src/main.c:447:6:Error_Handler	4	static,ignoring_inline_asm
