../Core/driver/LCD/LCD.c:27:6:LCD_Init	16	static
../Core/driver/LCD/LCD.c:46:6:LCD_sendI2C	24	static
../Core/driver/LCD/LCD.c:50:6:LCD_backLight_On	8	static
../Core/driver/LCD/LCD.c:55:6:LCD_backLight_Off	8	static
../Core/driver/LCD/LCD.c:60:6:LCD_cmdMode	8	static
../Core/driver/LCD/LCD.c:65:6:LCD_charMode	8	static
../Core/driver/LCD/LCD.c:70:6:LCD_writeMode	8	static
../Core/driver/LCD/LCD.c:75:6:LCD_E_High	8	static
../Core/driver/LCD/LCD.c:79:6:LCD_E_Low	8	static
../Core/driver/LCD/LCD.c:84:6:LCD_sendNibbleData	16	static
../Core/driver/LCD/LCD.c:91:6:LCD_sendData	16	static
../Core/driver/LCD/LCD.c:99:6:LCD_writeCmdData	16	static
../Core/driver/LCD/LCD.c:105:6:LCD_writeCharData	16	static
../Core/driver/LCD/LCD.c:111:6:LCD_writeString	24	static
../Core/driver/LCD/LCD.c:117:6:LCD_gotoXY	24	static
../Core/driver/LCD/LCD.c:126:6:LCD_writeStringXY	16	static
../Core/driver/LCD/LCD.c:131:6:LCD_Clear	8	static
../Core/driver/LCD/LCD.c:136:6:LCD_Home	8	static
